> Task :preBuild UP-TO-DATE
> Task :preDebugBuild UP-TO-DATE
> Task :checkDebugAarMetadata UP-TO-DATE
> Task :generateDebugResValues UP-TO-DATE
> Task :mapDebugSourceSetPaths UP-TO-DATE
> Task :generateDebugResources UP-TO-DATE
> Task :mergeDebugResources UP-TO-DATE
> Task :packageDebugResources UP-TO-DATE
> Task :parseDebugLocalResources UP-TO-DATE
> Task :createDebugCompatibleScreenManifests UP-TO-DATE
> Task :extractDeepLinksDebug UP-TO-DATE
> Task :processDebugMainManifest UP-TO-DATE
> Task :processDebugManifest UP-TO-DATE
> Task :processDebugManifestForPackage UP-TO-DATE
> Task :processDebugResources UP-TO-DATE

> Task :compileDebugKotlin
e: file:///home/moeedr/auracle/src/main/java/com/auracle/ui/screens/PlayerScreen.kt:220:40 Expecting ')
e: file:///home/moeedr/auracle/src/main/java/com/auracle/ui/screens/PlayerScreen.kt:220:41 Expecting an expression
e: file:///home/moeedr/auracle/src/main/java/com/auracle/ui/screens/PlayerScreen.kt:220:41 Unexpected tokens (use ';' to separate expressions on the same line)
e: file:///home/moeedr/auracle/src/main/java/com/auracle/ui/screens/PlayerScreen.kt:380:21 Expecting ')
e: file:///home/moeedr/auracle/src/main/java/com/auracle/ui/screens/PlayerScreen.kt:380:22 Expecting an expression
e: file:///home/moeedr/auracle/src/main/java/com/auracle/ui/screens/PlayerScreen.kt:380:22 Unexpected tokens (use ';' to separate expressions on the same line)
e: file:///home/moeedr/auracle/src/main/java/com/auracle/ui/screens/PlayerScreen.kt:382:7 Unexpected tokens (use ';' to separate expressions on the same line)
e: file:///home/moeedr/auracle/src/main/java/com/auracle/ui/screens/PlayerScreen.kt:220:28 'if' must have both main and 'else' branches if used as an expression
e: file:///home/moeedr/auracle/src/main/java/com/auracle/ui/screens/PlayerScreen.kt:220:32 Type mismatch: inferred type is Long but Boolean was expected
e: file:///home/moeedr/auracle/src/main/java/com/auracle/ui/screens/PlayerScreen.kt:222:28 Type mismatch: inferred type is Unit but Float was expected
e: file:///home/moeedr/auracle/src/main/java/com/auracle/ui/screens/PlayerScreen.kt:344:14 Unresolved reference: drawWithContent
e: file:///home/moeedr/auracle/src/main/java/com/auracle/ui/screens/PlayerScreen.kt:345:35 Unresolved reference: size
e: file:///home/moeedr/auracle/src/main/java/com/auracle/ui/screens/PlayerScreen.kt:346:36 Unresolved reference: size
e: file:///home/moeedr/auracle/src/main/java/com/auracle/ui/screens/PlayerScreen.kt:347:17 Unresolved reference: drawContent
e: file:///home/moeedr/auracle/src/main/java/com/auracle/ui/screens/PlayerScreen.kt:349:17 Unresolved reference: drawRect
e: file:///home/moeedr/auracle/src/main/java/com/auracle/ui/screens/PlayerScreen.kt:367:18 This foundation API is experimental and is likely to change or be removed in the future.
e: file:///home/moeedr/auracle/src/main/java/com/auracle/ui/screens/PlayerScreen.kt:370:59 This foundation API is experimental and is likely to change or be removed in the future.
e: file:///home/moeedr/auracle/src/main/java/com/auracle/ui/screens/PlayerScreen.kt:370:74 This foundation API is experimental and is likely to change or be removed in the future.
e: file:///home/moeedr/auracle/src/main/java/com/auracle/ui/screens/PlayerScreen.kt:380:12 'if' must have both main and 'else' branches if used as an expression
e: file:///home/moeedr/auracle/src/main/java/com/auracle/ui/screens/PlayerScreen.kt:380:16 Type mismatch: inferred type is Long but Boolean was expected

> Task :compileDebugKotlin FAILED

[Incubating] Problems report is available at: file:///home/moeedr/auracle/build/reports/problems/problems-report.html

FAILURE: Build failed with an exception.

* What went wrong:
Execution failed for task ':compileDebugKotlin'.
> A failure occurred while executing org.jetbrains.kotlin.compilerRunner.GradleCompilerRunnerWithWorkers$GradleKotlinCompilerWorkAction
   > Compilation error. See log for more details

* Try:
> Run with --stacktrace option to get the stack trace.
> Run with --info or --debug option to get more log output.
> Run with --scan to get full insights.
> Get more help at https://help.gradle.org.

Deprecated Gradle features were used in this build, making it incompatible with Gradle 10.0.

You can use '--warning-mode all' to show the individual deprecation warnings and determine if they come from your own scripts or plugins.

For more on this, please refer to https://docs.gradle.org/9.0-milestone-1/userguide/command_line_interface.html#sec:command_line_warnings in the Gradle documentation.

BUILD FAILED in 10s
14 actionable tasks: 1 executed, 13 up-to-date
